[19:25:36] === Starting Ablation Study ===
[19:25:36] Loading data from data/processed/train_features.csv ...
[19:25:36] 
========================================
[19:25:36] Running Ablation: All
[19:25:36] Features count: 33
[19:25:36] ========================================
[19:25:36] 
=== Feature Selection (Keeping Top 30) ===
[19:25:37] Top 10 Important Features:
[19:25:37]   delta_gc_tr_motif         : 12.5074
[19:25:37]   dist_to_exon              : 11.9679
[19:25:37]   dist_to_utr               : 8.5472
[19:25:37]   motif_at                  : 7.1383
[19:25:37]   log_tr_gc                 : 6.8691
[19:25:37]   flank_gc_1k               : 6.2778
[19:25:37]   dist_to_cds               : 6.2331
[19:25:37]   log_motif_gc              : 4.8231
[19:25:37]   abs_delta_gc_tr_flank     : 3.8558
[19:25:37]   str_density_10000         : 3.3118
[19:25:37]   motif_pyrimidine_frac     : 2.9891
[19:25:37]   delta_gc_tr_flank         : 2.7497
[19:25:37]   in_exon                   : 2.6041
[19:25:37]   norm_dist_tss             : 2.3097
[19:25:37]   motif_len                 : 2.2112
[19:25:37]   repeat_units              : 2.1854
[19:25:37]   str_density_1000          : 2.1194
[19:25:37]   log_repeat_units          : 1.9339
[19:25:37]   str_density_ratio         : 1.6388
[19:25:37]   motif_purine_frac         : 1.5684
[19:25:37] Dropped 3 features. Remaining: 30
[19:25:37] Features after selection: 30
[19:25:37] 
=== Training 8 Base Models (CatBoost) ===
[19:25:37] Tuning Base Model 1 with seed 2025...
[19:25:59] Model 1 OOF AUPRC: 0.8899
[19:25:59] Tuning Base Model 2 with seed 2026...
[19:26:44] Model 2 OOF AUPRC: 0.8958
[19:26:44] Tuning Base Model 3 with seed 2027...
[19:27:04] Model 3 OOF AUPRC: 0.8989
[19:27:04] Tuning Base Model 4 with seed 2028...
[19:27:35] Model 4 OOF AUPRC: 0.9116
[19:27:35] Tuning Base Model 5 with seed 2029...
[19:28:37] Model 5 OOF AUPRC: 0.8335
[19:28:37] Tuning Base Model 6 with seed 2030...
[19:28:59] Model 6 OOF AUPRC: 0.9027
[19:28:59] Tuning Base Model 7 with seed 2031...
[19:29:19] Model 7 OOF AUPRC: 0.8446
[19:29:19] Tuning Base Model 8 with seed 2032...
[19:29:47] Model 8 OOF AUPRC: 0.8792
[19:29:47] 
=== Meta Learner Training (Logistic Regression + Macro F1) ===
[19:29:47] Pruning disabled. Using ALL base models in stacking.
