[19:31:56] === Starting Ablation Study ===
[19:31:56] Loading data from data/processed/train_features.csv ...
[19:31:56] 
========================================
[19:31:56] Running Ablation: All
[19:31:56] Features count: 33
[19:31:56] ========================================
[19:31:56] 
=== Feature Selection (Keeping Top 30) ===
[19:31:56] Top 10 Important Features:
[19:31:56]   delta_gc_tr_motif         : 12.5074
[19:31:56]   dist_to_exon              : 11.9679
[19:31:56]   dist_to_utr               : 8.5472
[19:31:56]   motif_at                  : 7.1383
[19:31:56]   log_tr_gc                 : 6.8691
[19:31:56]   flank_gc_1k               : 6.2778
[19:31:56]   dist_to_cds               : 6.2331
[19:31:56]   log_motif_gc              : 4.8231
[19:31:56]   abs_delta_gc_tr_flank     : 3.8558
[19:31:56]   str_density_10000         : 3.3118
[19:31:56]   motif_pyrimidine_frac     : 2.9891
[19:31:56]   delta_gc_tr_flank         : 2.7497
[19:31:56]   in_exon                   : 2.6041
[19:31:56]   norm_dist_tss             : 2.3097
[19:31:56]   motif_len                 : 2.2112
[19:31:56]   repeat_units              : 2.1854
[19:31:56]   str_density_1000          : 2.1194
[19:31:56]   log_repeat_units          : 1.9339
[19:31:56]   str_density_ratio         : 1.6388
[19:31:56]   motif_purine_frac         : 1.5684
[19:31:56] Dropped 3 features. Remaining: 30
[19:31:56] Features after selection: 30
[19:31:56] 
=== Training 8 Base Models (CatBoost) ===
[19:31:56] Tuning Base Model 1 with seed 2025...
[19:32:19] Model 1 OOF AUPRC: 0.8899
[19:32:19] Tuning Base Model 2 with seed 2026...
[19:33:03] Model 2 OOF AUPRC: 0.8958
[19:33:03] Tuning Base Model 3 with seed 2027...
[19:33:23] Model 3 OOF AUPRC: 0.8989
[19:33:23] Tuning Base Model 4 with seed 2028...
[19:33:55] Model 4 OOF AUPRC: 0.9116
[19:33:55] Tuning Base Model 5 with seed 2029...
[19:34:55] Model 5 OOF AUPRC: 0.8335
[19:34:55] Tuning Base Model 6 with seed 2030...
[19:35:18] Model 6 OOF AUPRC: 0.9027
[19:35:18] Tuning Base Model 7 with seed 2031...
[19:35:37] Model 7 OOF AUPRC: 0.8446
[19:35:37] Tuning Base Model 8 with seed 2032...
[19:36:05] Model 8 OOF AUPRC: 0.8792
[19:36:05] 
=== Meta Learner Training (Logistic Regression + Macro F1) ===
[19:36:05] Pruning disabled. Using ALL base models in stacking.
[19:36:05] 
--- Train Set (Meta OOF) Threshold Scan (Macro F1) ---
[19:36:05] Thresh     | F1_pos     | F1_neg     | F1_macro   | Prec       | Recall    
[19:36:05] --------------------------------------------------------------------------------
[19:36:05] 0.10       | 0.2868   | 0.8571   | 0.5720   | 0.5827   | 0.8510
[19:36:05] 0.15       | 0.4625   | 0.9398   | 0.7011   | 0.6519   | 0.9075
[19:36:05] 0.20       | 0.5481   | 0.9580   | 0.7531   | 0.6926   | 0.9240
[19:36:05] 0.25       | 0.6379   | 0.9715   | 0.8047   | 0.7413   | 0.9366
[19:36:05] 0.30       | 0.7059   | 0.9798   | 0.8428   | 0.7876   | 0.9328
[19:36:05] 0.35       | 0.7143   | 0.9812   | 0.8477   | 0.7983   | 0.9222
[19:36:05] 0.40       | 0.7391   | 0.9840   | 0.8615   | 0.8229   | 0.9131
[19:36:05] 0.45       | 0.7556   | 0.9853   | 0.8704   | 0.8360   | 0.9144
[19:36:05] 0.50       | 0.7640   | 0.9860   | 0.8750   | 0.8429   | 0.9151
[19:36:05] 0.55       | 0.7640   | 0.9860   | 0.8750   | 0.8429   | 0.9151
[19:36:05] 0.60       | 0.7816   | 0.9873   | 0.8845   | 0.8577   | 0.9164
[19:36:05] 0.65       | 0.7765   | 0.9874   | 0.8819   | 0.8620   | 0.9045
[19:36:05] 0.70       | 0.7765   | 0.9874   | 0.8819   | 0.8620   | 0.9045
[19:36:05] 0.75       | 0.7857   | 0.9880   | 0.8869   | 0.8703   | 0.9052
[19:36:05] 0.80       | 0.8148   | 0.9900   | 0.9024   | 0.8978   | 0.9072
[19:36:05] 0.85       | 0.8148   | 0.9900   | 0.9024   | 0.8978   | 0.9072
[19:36:05] 0.90       | 0.8462   | 0.9921   | 0.9191   | 0.9296   | 0.9092
[19:36:05] --------------------------------------------------------------------------------
[19:36:05] Best Threshold (F1_macro): 0.90 -> Max F1_macro: 0.9191
[19:36:05] Meta training done. Best train macro F1 = 0.9191 @ threshold = 0.90
[19:36:05] [All] Result: AUPRC=0.9431, AUROC=0.9530, MacroF1=0.8656
[19:36:05] Predictions saved to ./temp/preds_All.txt
[19:36:05] 
========================================
[19:36:05] Running Ablation: No_Gene
[19:36:05] Features count: 18
[19:36:05] ========================================
[19:36:05] 
=== Feature Selection (Keeping Top 18) ===
[19:36:06] Top 10 Important Features:
[19:36:06]   log_tr_gc                 : 14.7692
[19:36:06]   log_motif_gc              : 13.1455
[19:36:06]   flank_gc_1k               : 10.4316
[19:36:06]   motif_pyrimidine_frac     : 7.8971
[19:36:06]   str_density_1000          : 7.2500
[19:36:06]   motif_at                  : 6.9556
[19:36:06]   str_density_10000         : 5.0181
[19:36:06]   motif_purine_frac         : 4.9427
[19:36:06]   log_tr_len                : 4.1225
[19:36:06]   tr_len                    : 3.6394
[19:36:06]   log_str_density_ratio     : 3.4234
[19:36:06]   log_repeat_units          : 3.2983
[19:36:06]   is_pentanuc               : 3.2756
[19:36:06]   motif_len                 : 3.1844
[19:36:06]   str_density_ratio         : 2.9180
[19:36:06]   repeat_units              : 2.7895
[19:36:06]   is_trinuc                 : 2.7888
[19:36:06]   motif_has_cpg             : 0.1504
[19:36:06] Dropped 0 features. Remaining: 18
[19:36:06] Features after selection: 18
[19:36:06] 
=== Training 8 Base Models (CatBoost) ===
[19:36:06] Tuning Base Model 1 with seed 2025...
[19:36:29] Model 1 OOF AUPRC: 0.7139
[19:36:29] Tuning Base Model 2 with seed 2026...
[19:36:48] Model 2 OOF AUPRC: 0.6927
[19:36:48] Tuning Base Model 3 with seed 2027...
[19:37:20] Model 3 OOF AUPRC: 0.7408
[19:37:20] Tuning Base Model 4 with seed 2028...
[19:38:17] Model 4 OOF AUPRC: 0.4003
[19:38:17] Tuning Base Model 5 with seed 2029...
[19:38:42] Model 5 OOF AUPRC: 0.4178
[19:38:42] Tuning Base Model 6 with seed 2030...
[19:39:00] Model 6 OOF AUPRC: 0.6735
[19:39:00] Tuning Base Model 7 with seed 2031...
[19:40:02] Model 7 OOF AUPRC: 0.6617
[19:40:02] Tuning Base Model 8 with seed 2032...
[19:40:25] Model 8 OOF AUPRC: 0.7236
[19:40:25] 
=== Meta Learner Training (Logistic Regression + Macro F1) ===
[19:40:25] Pruning disabled. Using ALL base models in stacking.
[19:40:25] 
--- Train Set (Meta OOF) Threshold Scan (Macro F1) ---
[19:40:25] Thresh     | F1_pos     | F1_neg     | F1_macro   | Prec       | Recall    
[19:40:25] --------------------------------------------------------------------------------
[19:40:25] 0.10       | 0.1336   | 0.4752   | 0.3044   | 0.5358   | 0.6558
[19:40:25] 0.15       | 0.3719   | 0.9100   | 0.6409   | 0.6140   | 0.8816
[19:40:25] 0.20       | 0.4485   | 0.9361   | 0.6923   | 0.6458   | 0.9041
[19:40:25] 0.25       | 0.4966   | 0.9494   | 0.7230   | 0.6685   | 0.9042
[19:40:25] 0.30       | 0.5255   | 0.9552   | 0.7404   | 0.6827   | 0.9095
[19:40:25] 0.35       | 0.5426   | 0.9596   | 0.7511   | 0.6931   | 0.9017
[19:40:25] 0.40       | 0.5600   | 0.9624   | 0.7612   | 0.7024   | 0.9043
[19:40:25] 0.45       | 0.5785   | 0.9652   | 0.7719   | 0.7125   | 0.9070
[19:40:25] 0.50       | 0.5932   | 0.9673   | 0.7803   | 0.7209   | 0.9090
[19:40:25] 0.55       | 0.6126   | 0.9709   | 0.7917   | 0.7353   | 0.9005
[19:40:25] 0.60       | 0.6055   | 0.9709   | 0.7882   | 0.7343   | 0.8886
[19:40:25] 0.65       | 0.6111   | 0.9716   | 0.7914   | 0.7378   | 0.8893
[19:40:25] 0.70       | 0.6408   | 0.9751   | 0.8079   | 0.7571   | 0.8926
[19:40:25] 0.75       | 0.6535   | 0.9765   | 0.8150   | 0.7657   | 0.8939
[19:40:25] 0.80       | 0.6809   | 0.9799   | 0.8304   | 0.7909   | 0.8854
[19:40:25] 0.85       | 0.6957   | 0.9813   | 0.8385   | 0.8023   | 0.8867
[19:40:25] 0.90       | 0.7381   | 0.9854   | 0.8617   | 0.8463   | 0.8789
[19:40:25] --------------------------------------------------------------------------------
[19:40:25] Best Threshold (F1_macro): 0.90 -> Max F1_macro: 0.8617
[19:40:25] Meta training done. Best train macro F1 = 0.8617 @ threshold = 0.90
[19:40:25] [No_Gene] Result: AUPRC=0.8647, AUROC=0.9375, MacroF1=0.8656
[19:40:25] Predictions saved to ./temp/preds_No_Gene.txt
[19:40:25] 
========================================
[19:40:25] Running Ablation: No_Seq
[19:40:25] Features count: 12
[19:40:25] ========================================
[19:40:25] 
=== Feature Selection (Keeping Top 12) ===
[19:40:26] Top 10 Important Features:
[19:40:26]   dist_to_exon              : 19.8852
[19:40:26]   dist_to_utr               : 16.9281
[19:40:26]   dist_to_cds               : 14.8008
[19:40:26]   gene_len                  : 13.4485
[19:40:26]   gene_rel_pos              : 12.0691
[19:40:26]   norm_dist_tss             : 10.0319
[19:40:26]   dist_to_tss               : 6.8695
[19:40:26]   in_exon                   : 3.0355
[19:40:26]   near_tss_5k               : 1.1679
[19:40:26]   in_cds                    : 0.8622
[19:40:26]   near_tss_1k               : 0.6200
[19:40:26]   in_gene                   : 0.2813
[19:40:26] Dropped 0 features. Remaining: 12
[19:40:26] Features after selection: 12
[19:40:26] 
=== Training 8 Base Models (CatBoost) ===
[19:40:26] Tuning Base Model 1 with seed 2025...
[19:40:54] Model 1 OOF AUPRC: 0.6622
[19:40:54] Tuning Base Model 2 with seed 2026...
[19:41:34] Model 2 OOF AUPRC: 0.6575
[19:41:34] Tuning Base Model 3 with seed 2027...
[19:41:56] Model 3 OOF AUPRC: 0.6725
[19:41:56] Tuning Base Model 4 with seed 2028...
[19:42:12] Model 4 OOF AUPRC: 0.6864
[19:42:12] Tuning Base Model 5 with seed 2029...
[19:42:34] Model 5 OOF AUPRC: 0.7378
[19:42:34] Tuning Base Model 6 with seed 2030...
[19:42:49] Model 6 OOF AUPRC: 0.7373
[19:42:49] Tuning Base Model 7 with seed 2031...
[19:43:12] Model 7 OOF AUPRC: 0.7184
[19:43:12] Tuning Base Model 8 with seed 2032...
[19:43:35] Model 8 OOF AUPRC: 0.5484
[19:43:35] 
=== Meta Learner Training (Logistic Regression + Macro F1) ===
[19:43:35] Pruning disabled. Using ALL base models in stacking.
[19:43:35] 
--- Train Set (Meta OOF) Threshold Scan (Macro F1) ---
[19:43:35] Thresh     | F1_pos     | F1_neg     | F1_macro   | Prec       | Recall    
[19:43:35] --------------------------------------------------------------------------------
[19:43:35] 0.10       | 0.1001   | 0.1335   | 0.1168   | 0.5173   | 0.5233
[19:43:35] 0.15       | 0.2326   | 0.8205   | 0.5265   | 0.5624   | 0.7876
[19:43:35] 0.20       | 0.3684   | 0.9142   | 0.6413   | 0.6128   | 0.8612
[19:43:35] 0.25       | 0.4474   | 0.9415   | 0.6944   | 0.6474   | 0.8733
[19:43:35] 0.30       | 0.5231   | 0.9575   | 0.7403   | 0.6846   | 0.8879
[19:43:35] 0.35       | 0.5484   | 0.9617   | 0.7551   | 0.6982   | 0.8918
[19:43:35] 0.40       | 0.5965   | 0.9688   | 0.7826   | 0.7256   | 0.8985
[19:43:35] 0.45       | 0.6296   | 0.9730   | 0.8013   | 0.7459   | 0.9025
[19:43:35] 0.50       | 0.6296   | 0.9730   | 0.8013   | 0.7459   | 0.9025
[19:43:35] 0.55       | 0.6538   | 0.9757   | 0.8148   | 0.7615   | 0.9051
[19:43:35] 0.60       | 0.6408   | 0.9751   | 0.8079   | 0.7571   | 0.8926
[19:43:35] 0.65       | 0.6600   | 0.9772   | 0.8186   | 0.7702   | 0.8946
[19:43:35] 0.70       | 0.7174   | 0.9826   | 0.8500   | 0.8126   | 0.8999
[19:43:35] 0.75       | 0.7586   | 0.9860   | 0.8723   | 0.8464   | 0.9032
[19:43:35] 0.80       | 0.7765   | 0.9874   | 0.8819   | 0.8620   | 0.9045
[19:43:35] 0.85       | 0.7765   | 0.9874   | 0.8819   | 0.8620   | 0.9045
[19:43:35] 0.90       | 0.7857   | 0.9880   | 0.8869   | 0.8703   | 0.9052
[19:43:35] --------------------------------------------------------------------------------
[19:43:35] Best Threshold (F1_macro): 0.90 -> Max F1_macro: 0.8869
[19:43:35] Meta training done. Best train macro F1 = 0.8869 @ threshold = 0.90
[19:43:35] [No_Seq] Result: AUPRC=0.8195, AUROC=0.8956, MacroF1=0.8454
[19:43:35] Predictions saved to ./temp/preds_No_Seq.txt
[19:43:35] 
All ablation experiments completed. Summary saved to ./temp/ablation_summary.csv
